[2026-10-10T02:55:45Z INFO ] Serial port: '/dev/cu.usbserial-110'
[2026-10-10T02:55:45Z INFO ] Connecting...
[2026-10-10T02:55:46Z INFO ] Using flash stub
ESP-ROM:esp32s3-20210327
Build:Mar 27 2021
rst:0x1 (POWERON),boot:0x8 (SPI_FAST_FLASH_BOOT)
SPIWP:0xee
mode:DIO, clock div:2
load:0x3fce2820,len:0x14d0
load:0x403c8700,len:0xdcc
load:0x403cb700,len:0x2f54
entry 0x403c8900
I (29) boot: ESP-IDF v6.1-beta1-497-g14f663f003e 2nd stage bootloader
I (30) boot: Multicore bootloader
I (30) boot: chip revision: v0.2
I (30) boot: efuse block revision: v1.4
I (34) boot.esp32s3: Boot SPI Speed : 40MHz
I (38) boot.esp32s3: SPI Mode       : DIO
I (42) boot.esp32s3: SPI Flash Size : 8MB
I (45) boot: Enabling RNG early entropy source...
I (50) boot: Partition Table:
I (52) boot: ## Label            Usage          Type ST Offset   Length
I (59) boot:  0 nvs              WiFi data        01 02 00009000 00006000
I (65) boot:  1 phy_init         RF data          01 01 0000f000 00001000
I (72) boot:  2 factory          factory app      00 00 00010000 007f0000
I (78) boot: End of partition table
I (82) esp_image: segment 0: paddr=00010020 vaddr=3c000020 size=7cdfch (511484) map
I (218) esp_image: segment 1: paddr=0008ce24 vaddr=3fc8b060 size=00b88h (  2952) load
I (219) esp_image: segment 2: paddr=0008d9b4 vaddr=40378000 size=02664h (  9828) load
I (225) esp_image: segment 3: paddr=00090020 vaddr=42080020 size=1f444h (128068) map
I (261) esp_image: segment 4: paddr=000af46c vaddr=4037a664 size=009f8h (  2552) load
I (264) boot: Loaded app from partition at offset 0x10000
I (264) boot: Disabling RNG early entropy source...
OVERHEAD_S3_BENCHMARK_V2
SUITE,search-leo,3,12
compiler=rustc 1.97.0-nightly (8ea53bcd7 2026-07-08) (1.97.0.0)
cpu_mhz=240,cores_used=1,psram=unused,allocator=none,math=f64_libm,debug_assertions=false
age_days=grid_center_relative_to_epoch; start=center_minus12h; tracking=1441_ticks_60s; threshold_deg=10
warmups=1,iterations_per_sample=1,timer=esp_hal_Instant_us
sizeof_satellite=512,sizeof_one_age_time_grid=69168,sizeof_prepared=560
INPUT,LEO,25544,2026-10-04 12:43:41.833056
INPUT,resonant-HEO,8195,2006-06-25 07:58:18.143616001
INPUT,GEO,24208,2006-06-26 00:58:29.343360
INPUT,GNSS,28129,2006-06-24 13:41:49.461503999
case_fields=id,operation,class,slots,age_days,window_s,detection_s,tolerance_ms
row_fields=id,sample,elapsed_us,state_evaluations,searches,passes
CASE,0,search_satellite,LEO,1,0,3600,5,250
BEGIN,0
ROW,0,0,579227,731,1,1
ROW,0,1,579224,731,1,1
ROW,0,2,579217,731,1,1
CASE,1,search_satellite,LEO,1,0,3600,5,5000
BEGIN,1
ROW,1,0,571612,721,1,1
ROW,1,1,571651,721,1,1
ROW,1,2,571651,721,1,1
CASE,2,search_satellite,LEO,1,0,3600,30,250
BEGIN,2
ROW,2,0,106590,135,1,1
ROW,2,1,106623,135,1,1
ROW,2,2,106602,135,1,1
CASE,3,search_satellite,LEO,1,0,3600,30,5000
BEGIN,3
ROW,3,0,100530,127,1,1
ROW,3,1,100570,127,1,1
ROW,3,2,100570,127,1,1
CASE,4,search_satellite,LEO,1,0,3600,60,250
BEGIN,4
ROW,4,0,60575,77,1,1
ROW,4,1,60614,77,1,1
ROW,4,2,60614,77,1,1
CASE,5,search_satellite,LEO,1,0,3600,60,5000
BEGIN,5
ROW,5,0,54519,69,1,1
ROW,5,1,54557,69,1,1
ROW,5,2,54558,69,1,1
CASE,6,search_satellite,LEO,1,0,86400,5,250
BEGIN,6
ROW,6,0,13657854,17351,1,7
ROW,6,1,13657893,17351,1,7
ROW,6,2,13657894,17351,1,7
CASE,7,search_satellite,LEO,1,0,86400,5,5000
BEGIN,7
ROW,7,0,13602810,17281,1,7
ROW,7,1,13602842,17281,1,7
ROW,7,2,13602823,17281,1,7
CASE,8,search_satellite,LEO,1,0,86400,30,250
BEGIN,8
ROW,8,0,2344471,2979,1,7
ROW,8,1,2344509,2979,1,7
ROW,8,2,2344510,2979,1,7
CASE,9,search_satellite,LEO,1,0,86400,30,5000
BEGIN,9
ROW,9,0,2300441,2923,1,7
ROW,9,1,2300480,2923,1,7
ROW,9,2,2300480,2923,1,7
CASE,10,search_satellite,LEO,1,0,86400,60,250
BEGIN,10
ROW,10,0,1222055,1553,1,7
ROW,10,1,1222093,1553,1,7
ROW,10,2,1222093,1553,1,7
CASE,11,search_satellite,LEO,1,0,86400,60,5000
BEGIN,11
ROW,11,0,1178025,1497,1,7
ROW,11,1,1178064,1497,1,7
ROW,11,2,1178064,1497,1,7
OVERHEAD_S3_BENCHMARK_DONE
