[2026-10-09T03:54:04Z INFO ] Serial port: '/dev/cu.usbserial-110'
[2026-10-09T03:54:04Z INFO ] Connecting...
[2026-10-09T03:54:05Z INFO ] Using flash stub
ESP-ROM:esp32s3-20210327
Build:Mar 27 2021
rst:0x1 (POWERON),boot:0x8 (SPI_FAST_FLASH_BOOT)
SPIWP:0xee
mode:DIO, clock div:2
load:0x3fce2820,len:0x14d0
load:0x403c8700,len:0xdcc
load:0x403cb700,len:0x2f54
entry 0x403c8900
I (29) boot: ESP-IDF v6.1-beta1-497-g14f663f003e 2nd stage bootloader
I (30) boot: Multicore bootloader
I (30) boot: chip revision: v0.2
I (30) boot: efuse block revision: v1.4
I (34) boot.esp32s3: Boot SPI Speed : 40MHz
I (38) boot.esp32s3: SPI Mode       : DIO
I (42) boot.esp32s3: SPI Flash Size : 8MB
I (45) boot: Enabling RNG early entropy source...
I (50) boot: Partition Table:
I (52) boot: ## Label            Usage          Type ST Offset   Length
I (59) boot:  0 nvs              WiFi data        01 02 00009000 00006000
I (65) boot:  1 phy_init         RF data          01 01 0000f000 00001000
I (72) boot:  2 factory          factory app      00 00 00010000 007f0000
I (78) boot: End of partition table
I (82) esp_image: segment 0: paddr=00010020 vaddr=3c000020 size=174f4h ( 95476) map
I (113) esp_image: segment 1: paddr=0002751c vaddr=3fc8b060 size=00b20h (  2848) load
I (114) esp_image: segment 2: paddr=00028044 vaddr=40378000 size=0305ch ( 12380) load
I (121) esp_image: segment 3: paddr=0002b0a8 vaddr=00000000 size=04f70h ( 20336) 
I (129) esp_image: segment 4: paddr=00030020 vaddr=42020020 size=20ccch (134348) map
I (167) boot: Loaded app from partition at offset 0x10000
I (167) boot: Disabling RNG early entropy source...
OVERHEAD_S3_BENCHMARK_V1
compiler=rustc 1.97.0-nightly (8ea53bcd7 2026-07-08) (1.97.0.0)
cpu_mhz=240,cores_used=1,psram=unused,allocator=none,math=f64_libm,debug_assertions=false
tracking=1441_ticks_60s_epoch_minus12h_to_plus12h; prediction=24h_60s_detection_5s_tolerance_10deg
samples=5,warmups=1,iterations_per_sample=1,timer=esp_hal_Instant_us
sizeof_satellite=512,sizeof_time_grid=69168
operation,class,slots,sample,elapsed_us,state_evaluations,searches,passes
INPUT,LEO,25544,2026-10-04 12:43:41.833056
BEGIN,state_at,LEO,1
ROW,state_at,LEO,1,0,867324,1441,0,0
ROW,state_at,LEO,1,1,867291,1441,0,0
ROW,state_at,LEO,1,2,867275,1441,0,0
ROW,state_at,LEO,1,3,867274,1441,0,0
ROW,state_at,LEO,1,4,867274,1441,0,0
BEGIN,state_at+ecef+look_angles,LEO,1
ROW,state_at+ecef+look_angles,LEO,1,0,1128275,1441,0,0
ROW,state_at+ecef+look_angles,LEO,1,1,1128249,1441,0,0
ROW,state_at+ecef+look_angles,LEO,1,2,1128233,1441,0,0
ROW,state_at+ecef+look_angles,LEO,1,3,1128233,1441,0,0
ROW,state_at+ecef+look_angles,LEO,1,4,1128233,1441,0,0
BEGIN,search_satellite,LEO,1
ROW,search_satellite,LEO,1,0,1178069,1497,1,7
ROW,search_satellite,LEO,1,1,1177989,1497,1,7
ROW,search_satellite,LEO,1,2,1177972,1497,1,7
ROW,search_satellite,LEO,1,3,1177959,1497,1,7
ROW,search_satellite,LEO,1,4,1177959,1497,1,7
INPUT,resonant-HEO,8195,2006-06-25 07:58:18.143616001
BEGIN,state_at,resonant-HEO,1
ROW,state_at,resonant-HEO,1,0,1699298,1441,0,0
ROW,state_at,resonant-HEO,1,1,1699307,1441,0,0
ROW,state_at,resonant-HEO,1,2,1699261,1441,0,0
ROW,state_at,resonant-HEO,1,3,1699261,1441,0,0
ROW,state_at,resonant-HEO,1,4,1699261,1441,0,0
BEGIN,state_at+ecef+look_angles,resonant-HEO,1
ROW,state_at+ecef+look_angles,resonant-HEO,1,0,2154520,1441,0,0
ROW,state_at+ecef+look_angles,resonant-HEO,1,1,2154638,1441,0,0
ROW,state_at+ecef+look_angles,resonant-HEO,1,2,2154620,1441,0,0
ROW,state_at+ecef+look_angles,resonant-HEO,1,3,2154621,1441,0,0
ROW,state_at+ecef+look_angles,resonant-HEO,1,4,2154620,1441,0,0
BEGIN,search_satellite,resonant-HEO,1
ROW,search_satellite,resonant-HEO,1,0,2142571,1449,1,1
ROW,search_satellite,resonant-HEO,1,1,2142452,1449,1,1
ROW,search_satellite,resonant-HEO,1,2,2142470,1449,1,1
ROW,search_satellite,resonant-HEO,1,3,2142458,1449,1,1
ROW,search_satellite,resonant-HEO,1,4,2142448,1449,1,1
INPUT,GEO,24208,2006-06-26 00:58:29.343360
BEGIN,state_at,GEO,1
ROW,state_at,GEO,1,0,1436830,1441,0,0
ROW,state_at,GEO,1,1,1436800,1441,0,0
ROW,state_at,GEO,1,2,1436778,1441,0,0
ROW,state_at,GEO,1,3,1436778,1441,0,0
ROW,state_at,GEO,1,4,1436779,1441,0,0
BEGIN,state_at+ecef+look_angles,GEO,1
ROW,state_at+ecef+look_angles,GEO,1,0,1892395,1441,0,0
ROW,state_at+ecef+look_angles,GEO,1,1,1892401,1441,0,0
ROW,state_at+ecef+look_angles,GEO,1,2,1892407,1441,0,0
ROW,state_at+ecef+look_angles,GEO,1,3,1892400,1441,0,0
ROW,state_at+ecef+look_angles,GEO,1,4,1892407,1441,0,0
BEGIN,search_satellite,GEO,1
ROW,search_satellite,GEO,1,0,1826694,1441,1,0
ROW,search_satellite,GEO,1,1,1826630,1441,1,0
ROW,search_satellite,GEO,1,2,1826613,1441,1,0
ROW,search_satellite,GEO,1,3,1826613,1441,1,0
ROW,search_satellite,GEO,1,4,1826614,1441,1,0
INPUT,GNSS,28129,2006-06-24 13:41:49.461503999
BEGIN,state_at,GNSS,1
ROW,state_at,GNSS,1,0,1196405,1441,0,0
ROW,state_at,GNSS,1,1,1196395,1441,0,0
ROW,state_at,GNSS,1,2,1196369,1441,0,0
ROW,state_at,GNSS,1,3,1196369,1441,0,0
ROW,state_at,GNSS,1,4,1196369,1441,0,0
BEGIN,state_at+ecef+look_angles,GNSS,1
ROW,state_at+ecef+look_angles,GNSS,1,0,1456792,1441,0,0
ROW,state_at+ecef+look_angles,GNSS,1,1,1456820,1441,0,0
ROW,state_at+ecef+look_angles,GNSS,1,2,1456795,1441,0,0
ROW,state_at+ecef+look_angles,GNSS,1,3,1456796,1441,0,0
ROW,state_at+ecef+look_angles,GNSS,1,4,1456795,1441,0,0
BEGIN,search_satellite,GNSS,1
ROW,search_satellite,GNSS,1,0,1470896,1449,1,1
ROW,search_satellite,GNSS,1,1,1470784,1449,1,1
ROW,search_satellite,GNSS,1,2,1470784,1449,1,1
ROW,search_satellite,GNSS,1,3,1470778,1449,1,1
ROW,search_satellite,GNSS,1,4,1470778,1449,1,1
BEGIN,state_at+ecef+look_angles,mixed-repeated-fixtures,4
ROW,state_at+ecef+look_angles,mixed-repeated-fixtures,4,0,6877208,5764,0,0
ROW,state_at+ecef+look_angles,mixed-repeated-fixtures,4,1,6877197,5764,0,0
ROW,state_at+ecef+look_angles,mixed-repeated-fixtures,4,2,6876969,5764,0,0
ROW,state_at+ecef+look_angles,mixed-repeated-fixtures,4,3,6876837,5764,0,0
ROW,state_at+ecef+look_angles,mixed-repeated-fixtures,4,4,6877099,5764,0,0
BEGIN,search_satellite,mixed-repeated-fixtures,4
ROW,search_satellite,mixed-repeated-fixtures,4,0,6538578,5836,4,9
ROW,search_satellite,mixed-repeated-fixtures,4,1,6540383,5836,4,9
ROW,search_satellite,mixed-repeated-fixtures,4,2,6538675,5836,4,9
ROW,search_satellite,mixed-repeated-fixtures,4,3,6538697,5836,4,9
ROW,search_satellite,mixed-repeated-fixtures,4,4,6538617,5836,4,9
OVERHEAD_S3_BENCHMARK_DONE
