[2026-10-10T02:49:28Z INFO ] Serial port: '/dev/cu.usbserial-110'
[2026-10-10T02:49:28Z INFO ] Connecting...
[2026-10-10T02:49:28Z INFO ] Using flash stub
ESP-ROM:esp32s3-20210327
Build:Mar 27 2021
rst:0x1 (POWERON),boot:0x8 (SPI_FAST_FLASH_BOOT)
SPIWP:0xee
mode:DIO, clock div:2
load:0x3fce2820,len:0x14d0
load:0x403c8700,len:0xdcc
load:0x403cb700,len:0x2f54
entry 0x403c8900
I (29) boot: ESP-IDF v6.1-beta1-497-g14f663f003e 2nd stage bootloader
I (30) boot: Multicore bootloader
I (30) boot: chip revision: v0.2
I (30) boot: efuse block revision: v1.4
I (34) boot.esp32s3: Boot SPI Speed : 40MHz
I (38) boot.esp32s3: SPI Mode       : DIO
I (42) boot.esp32s3: SPI Flash Size : 8MB
I (45) boot: Enabling RNG early entropy source...
I (50) boot: Partition Table:
I (52) boot: ## Label            Usage          Type ST Offset   Length
I (59) boot:  0 nvs              WiFi data        01 02 00009000 00006000
I (65) boot:  1 phy_init         RF data          01 01 0000f000 00001000
I (72) boot:  2 factory          factory app      00 00 00010000 007f0000
I (78) boot: End of partition table
I (82) esp_image: segment 0: paddr=00010020 vaddr=3c000020 size=7cdfch (511484) map
I (218) esp_image: segment 1: paddr=0008ce24 vaddr=3fc8b060 size=00b88h (  2952) load
I (219) esp_image: segment 2: paddr=0008d9b4 vaddr=40378000 size=02664h (  9828) load
I (225) esp_image: segment 3: paddr=00090020 vaddr=42080020 size=1f444h (128068) map
I (261) esp_image: segment 4: paddr=000af46c vaddr=4037a664 size=009f8h (  2552) load
I (264) boot: Loaded app from partition at offset 0x10000
I (264) boot: Disabling RNG early entropy source...
OVERHEAD_S3_BENCHMARK_V2
SUITE,ages-geo,3,14
compiler=rustc 1.97.0-nightly (8ea53bcd7 2026-07-08) (1.97.0.0)
cpu_mhz=240,cores_used=1,psram=unused,allocator=none,math=f64_libm,debug_assertions=false
age_days=grid_center_relative_to_epoch; start=center_minus12h; tracking=1441_ticks_60s; threshold_deg=10
warmups=1,iterations_per_sample=1,timer=esp_hal_Instant_us
sizeof_satellite=512,sizeof_one_age_time_grid=69168,sizeof_prepared=560
INPUT,LEO,25544,2026-10-04 12:43:41.833056
INPUT,resonant-HEO,8195,2006-06-25 07:58:18.143616001
INPUT,GEO,24208,2006-06-26 00:58:29.343360
INPUT,GNSS,28129,2006-06-24 13:41:49.461503999
case_fields=id,operation,class,slots,age_days,window_s,detection_s,tolerance_ms
row_fields=id,sample,elapsed_us,state_evaluations,searches,passes
CASE,0,state_at+ecef+look_angles,GEO,1,-30,86400,0,0
BEGIN,0
ROW,0,0,7515561,1441,0,0
ROW,0,1,7515647,1441,0,0
ROW,0,2,7515603,1441,0,0
CASE,1,search_satellite,GEO,1,-30,86400,60,5000
BEGIN,1
ROW,1,0,7521150,1441,1,0
ROW,1,1,7521316,1441,1,0
ROW,1,2,7521279,1441,1,0
CASE,2,state_at+ecef+look_angles,GEO,1,-7,86400,0,0
BEGIN,2
ROW,2,0,3147990,1441,0,0
ROW,2,1,3148066,1441,0,0
ROW,2,2,3148008,1441,0,0
CASE,3,search_satellite,GEO,1,-7,86400,60,5000
BEGIN,3
ROW,3,0,3153566,1441,1,0
ROW,3,1,3153744,1441,1,0
ROW,3,2,3153757,1441,1,0
CASE,4,state_at+ecef+look_angles,GEO,1,-1,86400,0,0
BEGIN,4
ROW,4,0,2081856,1441,0,0
ROW,4,1,2081942,1441,0,0
ROW,4,2,2081903,1441,0,0
CASE,5,search_satellite,GEO,1,-1,86400,60,5000
BEGIN,5
ROW,5,0,2087433,1441,1,0
ROW,5,1,2087621,1441,1,0
ROW,5,2,2087602,1441,1,0
CASE,6,state_at+ecef+look_angles,GEO,1,0,86400,0,0
BEGIN,6
ROW,6,0,1936097,1441,0,0
ROW,6,1,1936183,1441,0,0
ROW,6,2,1936146,1441,0,0
CASE,7,search_satellite,GEO,1,0,86400,60,5000
BEGIN,7
ROW,7,0,1941674,1441,1,0
ROW,7,1,1941862,1441,1,0
ROW,7,2,1941864,1441,1,0
CASE,8,state_at+ecef+look_angles,GEO,1,1,86400,0,0
BEGIN,8
ROW,8,0,2042737,1441,0,0
ROW,8,1,2042823,1441,0,0
ROW,8,2,2042785,1441,0,0
CASE,9,search_satellite,GEO,1,1,86400,60,5000
BEGIN,9
ROW,9,0,2048312,1441,1,0
ROW,9,1,2048503,1441,1,0
ROW,9,2,2048505,1441,1,0
CASE,10,state_at+ecef+look_angles,GEO,1,7,86400,0,0
BEGIN,10
ROW,10,0,3151287,1441,0,0
ROW,10,1,3151376,1441,0,0
ROW,10,2,3151337,1441,0,0
CASE,11,search_satellite,GEO,1,7,86400,60,5000
BEGIN,11
ROW,11,0,3243916,1441,1,0
ROW,11,1,3244092,1441,1,0
ROW,11,2,3244086,1441,1,0
CASE,12,state_at+ecef+look_angles,GEO,1,30,86400,0,0
BEGIN,12
ROW,12,0,7680484,1441,0,0
ROW,12,1,7680563,1441,0,0
ROW,12,2,7680524,1441,0,0
CASE,13,search_satellite,GEO,1,30,86400,60,5000
BEGIN,13
ROW,13,0,7773137,1441,1,1
ROW,13,1,7773296,1441,1,1
ROW,13,2,7773298,1441,1,1
OVERHEAD_S3_BENCHMARK_DONE
