[2026-10-10T02:53:43Z INFO ] Serial port: '/dev/cu.usbserial-110'
[2026-10-10T02:53:43Z INFO ] Connecting...
[2026-10-10T02:53:43Z INFO ] Using flash stub
ESP-ROM:esp32s3-20210327
Build:Mar 27 2021
rst:0x1 (POWERON),boot:0x8 (SPI_FAST_FLASH_BOOT)
SPIWP:0xee
mode:DIO, clock div:2
load:0x3fce2820,len:0x14d0
load:0x403c8700,len:0xdcc
load:0x403cb700,len:0x2f54
entry 0x403c8900
I (29) boot: ESP-IDF v6.1-beta1-497-g14f663f003e 2nd stage bootloader
I (30) boot: Multicore bootloader
I (30) boot: chip revision: v0.2
I (30) boot: efuse block revision: v1.4
I (34) boot.esp32s3: Boot SPI Speed : 40MHz
I (38) boot.esp32s3: SPI Mode       : DIO
I (42) boot.esp32s3: SPI Flash Size : 8MB
I (45) boot: Enabling RNG early entropy source...
I (50) boot: Partition Table:
I (52) boot: ## Label            Usage          Type ST Offset   Length
I (59) boot:  0 nvs              WiFi data        01 02 00009000 00006000
I (65) boot:  1 phy_init         RF data          01 01 0000f000 00001000
I (72) boot:  2 factory          factory app      00 00 00010000 007f0000
I (78) boot: End of partition table
I (82) esp_image: segment 0: paddr=00010020 vaddr=3c000020 size=7ce04h (511492) map
I (218) esp_image: segment 1: paddr=0008ce2c vaddr=3fc8b060 size=00b88h (  2952) load
I (219) esp_image: segment 2: paddr=0008d9bc vaddr=40378000 size=0265ch (  9820) load
I (225) esp_image: segment 3: paddr=00090020 vaddr=42080020 size=1f444h (128068) map
I (261) esp_image: segment 4: paddr=000af46c vaddr=4037a65c size=00a00h (  2560) load
I (264) boot: Loaded app from partition at offset 0x10000
I (264) boot: Disabling RNG early entropy source...
OVERHEAD_S3_BENCHMARK_V2
SUITE,ages-gnss,3,14
compiler=rustc 1.97.0-nightly (8ea53bcd7 2026-07-08) (1.97.0.0)
cpu_mhz=240,cores_used=1,psram=unused,allocator=none,math=f64_libm,debug_assertions=false
age_days=grid_center_relative_to_epoch; start=center_minus12h; tracking=1441_ticks_60s; threshold_deg=10
warmups=1,iterations_per_sample=1,timer=esp_hal_Instant_us
sizeof_satellite=512,sizeof_one_age_time_grid=69168,sizeof_prepared=560
INPUT,LEO,25544,2026-10-04 12:43:41.833056
INPUT,resonant-HEO,8195,2006-06-25 07:58:18.143616001
INPUT,GEO,24208,2006-06-26 00:58:29.343360
INPUT,GNSS,28129,2006-06-24 13:41:49.461503999
case_fields=id,operation,class,slots,age_days,window_s,detection_s,tolerance_ms
row_fields=id,sample,elapsed_us,state_evaluations,searches,passes
CASE,0,state_at+ecef+look_angles,GNSS,1,-30,86400,0,0
BEGIN,0
ROW,0,0,1573473,1441,0,0
ROW,0,1,1573702,1441,0,0
ROW,0,2,1575197,1441,0,0
CASE,1,search_satellite,GNSS,1,-30,86400,60,5000
BEGIN,1
ROW,1,0,1587767,1449,1,1
ROW,1,1,1587788,1449,1,1
ROW,1,2,1587784,1449,1,1
CASE,2,state_at+ecef+look_angles,GNSS,1,-7,86400,0,0
BEGIN,2
ROW,2,0,1544299,1441,0,0
ROW,2,1,1544550,1441,0,0
ROW,2,2,1546047,1441,0,0
CASE,3,search_satellite,GNSS,1,-7,86400,60,5000
BEGIN,3
ROW,3,0,1558446,1449,1,1
ROW,3,1,1558461,1449,1,1
ROW,3,2,1558460,1449,1,1
CASE,4,state_at+ecef+look_angles,GNSS,1,-1,86400,0,0
BEGIN,4
ROW,4,0,1571058,1441,0,0
ROW,4,1,1571303,1441,0,0
ROW,4,2,1572800,1441,0,0
CASE,5,search_satellite,GNSS,1,-1,86400,60,5000
BEGIN,5
ROW,5,0,1585350,1449,1,1
ROW,5,1,1585369,1449,1,1
ROW,5,2,1585369,1449,1,1
CASE,6,state_at+ecef+look_angles,GNSS,1,0,86400,0,0
BEGIN,6
ROW,6,0,1571765,1441,0,0
ROW,6,1,1572005,1441,0,0
ROW,6,2,1573502,1441,0,0
CASE,7,search_satellite,GNSS,1,0,86400,60,5000
BEGIN,7
ROW,7,0,1586215,1449,1,1
ROW,7,1,1586232,1449,1,1
ROW,7,2,1586232,1449,1,1
CASE,8,state_at+ecef+look_angles,GNSS,1,1,86400,0,0
BEGIN,8
ROW,8,0,1572921,1441,0,0
ROW,8,1,1573166,1441,0,0
ROW,8,2,1574663,1441,0,0
CASE,9,search_satellite,GNSS,1,1,86400,60,5000
BEGIN,9
ROW,9,0,1587378,1449,1,1
ROW,9,1,1587389,1449,1,1
ROW,9,2,1587369,1449,1,1
CASE,10,state_at+ecef+look_angles,GNSS,1,7,86400,0,0
BEGIN,10
ROW,10,0,1569038,1441,0,0
ROW,10,1,1569281,1441,0,0
ROW,10,2,1570778,1441,0,0
CASE,11,search_satellite,GNSS,1,7,86400,60,5000
BEGIN,11
ROW,11,0,1583463,1449,1,1
ROW,11,1,1583482,1449,1,1
ROW,11,2,1583482,1449,1,1
CASE,12,state_at+ecef+look_angles,GNSS,1,30,86400,0,0
BEGIN,12
ROW,12,0,1595271,1441,0,0
ROW,12,1,1595512,1441,0,0
ROW,12,2,1597009,1441,0,0
CASE,13,search_satellite,GNSS,1,30,86400,60,5000
BEGIN,13
ROW,13,0,1653481,1449,1,1
ROW,13,1,1653489,1449,1,1
ROW,13,2,1653485,1449,1,1
OVERHEAD_S3_BENCHMARK_DONE
