[2026-10-10T03:50:34Z INFO ] Serial port: '/dev/cu.usbserial-110'
[2026-10-10T03:50:34Z INFO ] Connecting...
[2026-10-10T03:50:35Z INFO ] Using flash stub
ESP-ROM:esp32s3-20210327
Build:Mar 27 2021
rst:0x1 (POWERON),boot:0x8 (SPI_FAST_FLASH_BOOT)
SPIWP:0xee
mode:DIO, clock div:2
load:0x3fce2820,len:0x14d0
load:0x403c8700,len:0xdcc
load:0x403cb700,len:0x2f54
entry 0x403c8900
I (29) boot: ESP-IDF v6.1-beta1-497-g14f663f003e 2nd stage bootloader
I (30) boot: Multicore bootloader
I (30) boot: chip revision: v0.2
I (30) boot: efuse block revision: v1.4
I (34) boot.esp32s3: Boot SPI Speed : 40MHz
I (38) boot.esp32s3: SPI Mode       : DIO
I (42) boot.esp32s3: SPI Flash Size : 8MB
I (45) boot: Enabling RNG early entropy source...
I (50) boot: Partition Table:
I (52) boot: ## Label            Usage          Type ST Offset   Length
I (59) boot:  0 nvs              WiFi data        01 02 00009000 00006000
I (65) boot:  1 phy_init         RF data          01 01 0000f000 00001000
I (72) boot:  2 factory          factory app      00 00 00010000 007f0000
I (78) boot: End of partition table
I (82) esp_image: segment 0: paddr=00010020 vaddr=3c000020 size=00100h (   256) map
I (89) esp_image: segment 1: paddr=00010128 vaddr=3fc8b148 size=00010h (    16) load
I (96) esp_image: segment 2: paddr=00010140 vaddr=3c000140 size=14554h ( 83284) map
I (125) esp_image: segment 3: paddr=0002469c vaddr=3fc8b158 size=00c9ch (  3228) load
I (126) esp_image: segment 4: paddr=00025340 vaddr=40378000 size=03144h ( 12612) load
I (132) esp_image: segment 5: paddr=0002848c vaddr=00000000 size=07b8ch ( 31628) 
I (144) esp_image: segment 6: paddr=00030020 vaddr=42020020 size=3a084h (237700) map
I (205) boot: Loaded app from partition at offset 0x10000
I (206) boot: Disabling RNG early entropy source...
E (206) boot: Image contains multiple DROM segments. Only the last one will be mapped.
OVERHEAD_S3_CATALOGUE_MEMORY_V1
MATRIX,3,8
compiler=rustc 1.97.0-nightly (8ea53bcd7 2026-07-08) (1.97.0.0)
cpu_mhz=240,cores_used=1,psram=unused,allocator=esp-alloc-0.11.0-LLFF,math=f64_libm
input=flash_omm,start=2006-06-26T00:00:00Z,observer=39.007/-104.883/2.187,threshold_deg=10,detection_s=60,tolerance_s=5
warmups=1,iterations_per_sample=1,stack=written_watermark_including_probe_and_drop
HEAP,65536,65536,0
PROBE,1120,9068
phase_fields=id,sample,phase,us,requested_peak,requested_live,occupied_peak,occupied_live,calls,requested,failures
work_fields=id,sample,evaluations,passes,candidates,searched,complete
stack_fields=id,sample,stack_low,stack_top,paint_low,paint_high,untouched_bytes,observed_bytes
CASE,0,4,3600,800000,1679
BEGIN,0
PHASE,0,0,init,19808,10488,2792,10520,2824,35,18200,0
PHASE,0,0,aggregate,291540,3640,3640,3672,3672,3,848,0
WORK,0,0,252,1,1,4,1
STACK,0,0,1070186152,1070446336,1070186216,1070444928,254296,5824
PHASE,0,1,init,19881,10488,2792,10520,2824,35,18200,0
PHASE,0,1,aggregate,291555,3640,3640,3672,3672,3,848,0
WORK,0,1,252,1,1,4,1
STACK,0,1,1070186152,1070446336,1070186216,1070444928,254296,5824
PHASE,0,2,init,19874,10488,2792,10520,2824,35,18200,0
PHASE,0,2,aggregate,291553,3640,3640,3672,3672,3,848,0
WORK,0,2,252,1,1,4,1
STACK,0,2,1070186152,1070446336,1070186216,1070444928,254296,5824
CASE,1,4,86400,800000,1679
BEGIN,1
PHASE,1,0,init,19786,10488,2792,10520,2824,35,18200,0
PHASE,1,0,aggregate,7125568,4088,4088,4120,4120,5,1296,0
WORK,1,0,5812,6,1,4,1
STACK,1,0,1070186152,1070446336,1070186216,1070444928,254296,5824
PHASE,1,1,init,19928,10488,2792,10520,2824,35,18200,0
PHASE,1,1,aggregate,7126691,4088,4088,4120,4120,5,1296,0
WORK,1,1,5812,6,1,4,1
STACK,1,1,1070186152,1070446336,1070186216,1070444928,254296,5824
PHASE,1,2,init,19901,10488,2792,10520,2824,35,18200,0
PHASE,1,2,aggregate,7126652,4088,4088,4120,4120,5,1296,0
WORK,1,2,5812,6,1,4,1
STACK,1,2,1070186152,1070446336,1070186216,1070444928,254296,5824
CASE,2,4,86400,1000,1679
BEGIN,2
PHASE,2,0,init,19718,10488,2792,10520,2824,35,18200,0
PHASE,2,0,aggregate,817613,3640,3640,3672,3672,3,848,0
WORK,2,0,1000,2,1,1,0
STACK,2,0,1070186152,1070446336,1070186216,1070444928,254296,5824
PHASE,2,1,init,19843,10488,2792,10520,2824,35,18200,0
PHASE,2,1,aggregate,817621,3640,3640,3672,3672,3,848,0
WORK,2,1,1000,2,1,1,0
STACK,2,1,1070186152,1070446336,1070186216,1070444928,254296,5824
PHASE,2,2,init,19785,10488,2792,10520,2824,35,18200,0
PHASE,2,2,aggregate,817617,3640,3640,3672,3672,3,848,0
WORK,2,2,1000,2,1,1,0
STACK,2,2,1070186152,1070446336,1070186216,1070444928,254296,5824
CASE,3,4,86400,0,1679
BEGIN,3
PHASE,3,0,init,19655,10488,2792,10520,2824,35,18200,0
PHASE,3,0,aggregate,190,3272,3272,3304,3304,1,480,0
WORK,3,0,0,0,0,0,0
STACK,3,0,1070186152,1070446336,1070186216,1070444928,254296,5824
PHASE,3,1,init,19884,10488,2792,10520,2824,35,18200,0
PHASE,3,1,aggregate,190,3272,3272,3304,3304,1,480,0
WORK,3,1,0,0,0,0,0
STACK,3,1,1070186152,1070446336,1070186216,1070444928,254296,5824
PHASE,3,2,init,19880,10488,2792,10520,2824,35,18200,0
PHASE,3,2,aggregate,193,3272,3272,3304,3304,1,480,0
WORK,3,2,0,0,0,0,0
STACK,3,2,1070186152,1070446336,1070186216,1070444928,254296,5824
CASE,4,8,3600,1600000,3331
BEGIN,4
PHASE,4,0,init,38801,15959,5575,16024,5640,69,31447,0
PHASE,4,0,aggregate,585905,7351,7351,7416,7416,5,1776,0
WORK,4,0,500,3,1,8,1
STACK,4,0,1070186152,1070446336,1070186216,1070444928,254296,5824
PHASE,4,1,init,38792,15959,5575,16024,5640,69,31447,0
PHASE,4,1,aggregate,585945,7351,7351,7416,7416,5,1776,0
WORK,4,1,500,3,1,8,1
STACK,4,1,1070186152,1070446336,1070186216,1070444928,254296,5824
PHASE,4,2,init,38865,15959,5575,16024,5640,69,31447,0
PHASE,4,2,aggregate,585948,7351,7351,7416,7416,5,1776,0
WORK,4,2,500,3,1,8,1
STACK,4,2,1070186152,1070446336,1070186216,1070444928,254296,5824
CASE,5,8,86400,1600000,3331
BEGIN,5
PHASE,5,0,init,38870,15959,5575,16024,5640,69,31447,0
PHASE,5,0,aggregate,14527775,8023,8023,8088,8088,8,2448,0
WORK,5,0,11616,13,1,8,1
STACK,5,0,1070186152,1070446336,1070186216,1070444928,254296,5824
PHASE,5,1,init,38894,15959,5575,16024,5640,69,31447,0
PHASE,5,1,aggregate,14527804,8023,8023,8088,8088,8,2448,0
WORK,5,1,11616,13,1,8,1
STACK,5,1,1070186152,1070446336,1070186216,1070444928,254296,5824
PHASE,5,2,init,38930,15959,5575,16024,5640,69,31447,0
PHASE,5,2,aggregate,14527807,8023,8023,8088,8088,8,2448,0
WORK,5,2,11616,13,1,8,1
STACK,5,2,1070186152,1070446336,1070186216,1070444928,254296,5824
CASE,6,8,86400,1000,3331
BEGIN,6
PHASE,6,0,init,38695,15959,5575,16024,5640,69,31447,0
PHASE,6,0,aggregate,817566,6903,6903,6968,6968,3,1328,0
WORK,6,0,1000,2,1,1,0
STACK,6,0,1070186152,1070446336,1070186216,1070444928,254296,5824
PHASE,6,1,init,38699,15959,5575,16024,5640,69,31447,0
PHASE,6,1,aggregate,817568,6903,6903,6968,6968,3,1328,0
WORK,6,1,1000,2,1,1,0
STACK,6,1,1070186152,1070446336,1070186216,1070444928,254296,5824
PHASE,6,2,init,38685,15959,5575,16024,5640,69,31447,0
PHASE,6,2,aggregate,817571,6903,6903,6968,6968,3,1328,0
WORK,6,2,1000,2,1,1,0
STACK,6,2,1070186152,1070446336,1070186216,1070444928,254296,5824
CASE,7,8,86400,0,3331
BEGIN,7
PHASE,7,0,init,38672,15959,5575,16024,5640,69,31447,0
PHASE,7,0,aggregate,195,6535,6535,6600,6600,1,960,0
WORK,7,0,0,0,0,0,0
STACK,7,0,1070186152,1070446336,1070186216,1070444928,254296,5824
PHASE,7,1,init,38725,15959,5575,16024,5640,69,31447,0
PHASE,7,1,aggregate,199,6535,6535,6600,6600,1,960,0
WORK,7,1,0,0,0,0,0
STACK,7,1,1070186152,1070446336,1070186216,1070444928,254296,5824
PHASE,7,2,init,38747,15959,5575,16024,5640,69,31447,0
PHASE,7,2,aggregate,195,6535,6535,6600,6600,1,960,0
WORK,7,2,0,0,0,0,0
STACK,7,2,1070186152,1070446336,1070186216,1070444928,254296,5824
OVERHEAD_S3_BENCHMARK_DONE
